python: can't open file 'g:\\agent_eaplore\\full-stack-fastapi-template-master\\test_csv_fix.py': [Errno 2] No such file or directory
